ÔûÂ 01 ÔÇö Data Integrity (umbrella)
  Ô£ö found 109 JS data files and 7 JSONL files (2.26ms)
  Ô£ö total data file count is reasonable (>50) (0.2792ms)
  Ô£ö all JSONL files are valid and have entries (25.8504ms)
  Ô£ö all JS data files parse and have content (619.3967ms)
  Ô£ö DataLoader registry matches all JSONL files on disk (1.5965ms)
Ô£ö 01 ÔÇö Data Integrity (umbrella) (650.9158ms)
ÔûÂ 02 ÔÇö Vocabulary JSONL Validation
  Ô£ö all JSONL files have valid JSON on every line (22.5121ms)
  Ô£ö all entries have required fields (id, character, pinyin, meaning) (28.7035ms)
  Ô£ö no duplicate IDs within any JSONL file (25.2239ms)
  Ô£ö no empty character or pinyin fields (21.4195ms)
Ô£ö 02 ÔÇö Vocabulary JSONL Validation (99.6761ms)
ÔûÂ 03 ÔÇö JS Data File Validation
  Ô£ö all JS data files parse without errors (649.2368ms)
  Ô£ö no duplicate IDs within any JS data file (262.2482ms)
  Ô£ö each JS file has expected content (non-empty) (220.8215ms)
Ô£ö 03 ÔÇö JS Data File Validation (1133.5313ms)
ÔûÂ 04 ÔÇö DataLoader Registry Integrity
  Ô£ö extracts all file references from data-loader.js registry (2.4444ms)
  Ô£ö every DataLoader registry entry exists on disk (1.9718ms)
  Ô£ö every JSONL file on disk is referenced in DataLoader registry (0.5911ms)
  Ô£ö HSK level map references exist in registry (0.5969ms)
Ô£ö 04 ÔÇö DataLoader Registry Integrity (7.7963ms)
ÔûÂ 05 ÔÇö SM-2 Spaced Repetition
  Ô£ö exposes QUALITY constants (0-5) (1.2069ms)
  Ô£ö createCard returns card with all fields (0.3803ms)
  Ô£ö processReview: quality < 3 resets interval to 1 (0.4534ms)
  Ô£ö processReview: quality >= 3 increases repetitions (0.2309ms)
  Ô£ö E-Factor never goes below 1.3 (0.4449ms)
  Ô£ö E-Factor adjusts with quality (0.2083ms)
  Ô£ö getDueCards returns only cards with nextReview <= now (0.3266ms)
  Ô£ö getNewCards returns cards with repetitions === 0 (0.2185ms)
  Ô£ö getStats returns correct categories (0.4075ms)
  Ô£ö getOptimalStudyTime returns minutes estimate (0.394ms)
  Ô£ö predictReviews returns correct day count (1.4623ms)
  Ô£ö addCards skips duplicate IDs (0.3623ms)
  Ô£ö shuffleArray preserves count (0.9764ms)
  Ô£ö importDeck sanitizes bad data (0.8629ms)
  Ô£û processReview: applies 1.2x reward multiplier on delayed correct answers (1.1434ms)
  Ô£û processReview: respects Speed Prep profile scaling (0.5x) (0.4293ms)
  Ô£û processReview: respects Deep Retention profile scaling (1.5x) (0.291ms)
Ô£û 05 ÔÇö SM-2 Spaced Repetition (12.2259ms)
ÔûÂ 06 ÔÇö Level Tracker
  Ô£ö has 6 levels with names and XP thresholds (2.1551ms)
  Ô£ö calculateLevel maps XP to correct level (0.2935ms)
  Ô£ö addXP increases xp and totalXP, triggers level up (0.3955ms)
  Ô£ö getLevelProgress returns progress percentage (0.263ms)
  Ô£ö updateSRS increases interval with quality >= 3 (0.3136ms)
  Ô£ö updateSRS resets on quality < 3 (0.1937ms)
  Ô£ö ease factor never below 1.3 (0.2064ms)
  Ô£ö getDueItems returns items with nextReview <= now (0.3107ms)
  Ô£ö recordMistake creates and tracks mistake entry (0.3858ms)
  Ô£ö recordCorrect increments consecutiveCorrect (0.3418ms)
  Ô£ö getMistakesForReview filters mastered items (0.4324ms)
  Ô£ö trackCategoryPerformance accumulates correctly (0.4192ms)
  Ô£ö getReadingSpeedLevel returns correct bracket (0.2527ms)
  Ô£ö getRecommendedDifficulty adapts to level and accuracy (0.188ms)
  Ô£ö updateStreak handles consecutive and non-consecutive days (0.2194ms)
  Ô£ö resetAll restores defaults (0.1702ms)
Ô£ö 06 ÔÇö Level Tracker (9.5043ms)
ÔûÂ 07 ÔÇö Analytics Engine
  Ô£ö does not init without consent (1.2359ms)
  Ô£ö inits with consent (2.6257ms)
  Ô£ö _bufferEvent adds to eventBuffer (0.4087ms)
  Ô£ö _bufferEvent respects MAX_BUFFER_SIZE (0.3209ms)
  Ô£ö trackPageView records module (0.3066ms)
  Ô£ö trackExercise calculates accuracy correctly (0.3269ms)
  Ô£ö trackVocabReview clamps quality 1-5 (0.416ms)
  Ô£ö trackGrammarLesson records title (0.5877ms)
  Ô£ö trackCompletion deduces event type (0.5306ms)
  Ô£ö trackAchievement buffers correctly (1.6507ms)
  Ô£ö trackLevelUp records old/new levels (0.3152ms)
  Ô£ö getStats returns null without sessionId (0.1612ms)
  Ô£û _recordDeviceInfo: session device info is cleaned and does not contain userAgent, screen, OS, or browser details (1.93ms)
  Ô£ö _key returns correct localStorage key format (0.1837ms)
  Ô£ö _emptySession has default shape (0.1414ms)
  Ô£ö _updateDailyForEvent creates daily entry (0.2019ms)
  Ô£ö _handleStorageError trims events on quota error (0.3801ms)
  Ô£ö getAllSessions returns array (0.3636ms)
Ô£û 07 ÔÇö Analytics Engine (15.7318ms)
ÔûÂ 08 ÔÇö Missions System
  Ô£ö templates array has at least 10 entries (1.4112ms)
  Ô£ö weeklyTemplates array has at least 5 entries (0.2307ms)
  Ô£ö every template has required fields (0.3465ms)
  Ô£ö no duplicate template IDs (0.2431ms)
  Ô£ö _freshData returns correct initial shape (0.2763ms)
  Ô£ö init loads and checks refresh (0.6276ms)
  Ô£ö checkRefresh generates daily and weekly missions (0.197ms)
  Ô£ö each daily has correct shape (0.2201ms)
  Ô£ö weekly has correct shape (0.1983ms)
  Ô£ö recordActivity increments matching mission progress (0.4736ms)
  Ô£ö getDailies returns array (0.1796ms)
  Ô£ö getWeekly returns object or null (0.152ms)
  Ô£ö getStats returns totals (0.1924ms)
Ô£ö 08 ÔÇö Missions System (7.8194ms)
ÔûÂ 09 ÔÇö Progress Tracker
  Ô£ö xpRewards has all module categories (1.2649ms)
  Ô£ö xpRewards values are non-negative numbers (0.2687ms)
  Ô£ö levelTitles has 5 entries in order (0.2186ms)
  Ô£ö getLevelTitle returns correct title at each threshold (0.2263ms)
  Ô£ö achievements array has many entries (>= 40) (0.1605ms)
  Ô£ö every achievement has id, title, description, icon, condition (0.3305ms)
  Ô£ö no duplicate achievement IDs (0.4057ms)
  Ô£ö achievement conditions work with stats (0.2616ms)
  Ô£ö trackExercise returns xp and percentage (2.1106ms)
  Ô£ö trackExercise detects perfect score (1.0107ms)
  Ô£ö trackVocabulary returns xp for each status (0.7478ms)
  Ô£ö getAchievementProgress returns array with unlocked flag (0.2982ms)
  Ô£ö getDailyGoalProgress returns progress for 3 categories (0.2252ms)
  Ô£ö getWeeklyStats returns 7 days (32.3774ms)
  Ô£ö getLearningSummary returns all sections (2.4779ms)
Ô£ö 09 ÔÇö Progress Tracker (45.8281ms)
ÔûÂ 10 ÔÇö Asset Integrity
  Ô£ö index.html exists and is readable (7.0538ms)
  Ô£ö all <script> src paths resolve to existing files (6.1248ms)
  Ô£ö all <link> CSS href paths resolve to existing files (1.8924ms)
  Ô£ö all data/ JS files referenced in index.html exist on disk (1.497ms)
  Ô£ö important JS files are present (0.8941ms)
  Ô£ö vendor libraries exist (0.3683ms)
  Ô£ö legal pages exist (0.4589ms)
  Ô£ö no broken internal links in legal pages (2.228ms)
  Ô£ö robots.txt exists (0.3426ms)
  Ô£ö structured-data.json exists and is valid JSON (0.6593ms)
  Ô£ö index.html has DOCTYPE and lang attribute (0.2624ms)
  Ô£ö index.html has viewport meta (0.143ms)
  Ô£ö index.html has manifest link (0.1105ms)
  Ô£ö index.html has SW registration script (0.1617ms)
  Ô£ö index.html has noscript fallback (0.1331ms)
  Ô£û components/admin-panel.js is NOT referenced in index.html (0.7782ms)
Ô£û 10 ÔÇö Asset Integrity (26.0014ms)
ÔûÂ 11 ÔÇö Manifest Validation
  Ô£ö manifest.json exists (2.7825ms)
  Ô£ö has required PWA fields (0.2346ms)
  Ô£ö display is standalone or fullscreen (0.1753ms)
  Ô£ö start_url and scope are valid (0.1587ms)
  Ô£ö theme_color matches dark theme (0.2552ms)
  Ô£ö lang is present (0.1694ms)
  Ô£ö categories includes education (0.1595ms)
  Ô£ö orientation is valid if present (0.1545ms)
  Ô£ö index.html theme-color meta matches manifest (0.6899ms)
Ô£ö 11 ÔÇö Manifest Validation (6.473ms)
ÔûÂ 12 ÔÇö Service Worker Validation
  Ô£ö sw.js exists and has CACHE_NAME (2.5248ms)
  Ô£ö PRECACHE_URLS array is defined (0.277ms)
  Ô£ö all precached URLs exist on disk (7.1059ms)
  Ô£ö has install event listener (0.2804ms)
  Ô£ö has activate event listener with cache cleanup (0.1986ms)
  Ô£ö has fetch event listener with cache-first strategy (0.2189ms)
  Ô£ö index.html has register-sw.js script (0.4686ms)
  Ô£ö register-sw.js exists (0.3362ms)
  Ô£ö large data files have corresponding data/ files (3.8205ms)
  Ô£ö cache invalidation uses versioned CACHE_NAME (0.5057ms)
Ô£ö 12 ÔÇö Service Worker Validation (17.6524ms)
ÔûÂ 13 ÔÇö DOM & Script Smoke
  Ô£ö all JS files in js/ are syntactically valid (14.3336ms)
  Ô£ö all JS files in components/ are syntactically valid (14.7774ms)
  Ô£ö all CSS files are syntactically non-empty (5.3255ms)
  Ô£ö all build-*.js scripts are syntactically valid (31.5883ms)
  Ô£ö no .js files have obvious debug/console spam left in (12.4067ms)
  Ô£ö index.html loads scripts in dependency order (utils first) (0.6885ms)
  Ô£ö all data/*.js files parse without syntax errors (346.2021ms)
Ô£ö 13 ÔÇö DOM & Script Smoke (426.9973ms)
ÔûÂ 14 ÔÇö PWA Readiness
  Ô£ö index.html has apple-mobile-web-app-capable meta (2.5528ms)
  Ô£ö index.html has apple-mobile-web-app-title meta (0.5048ms)
  Ô£ö has .nojekyll for GitHub Pages (0.3655ms)
  Ô£ö has .gitignore with reasonable entries (0.4267ms)
  Ô£ö manifest.json has apple-mobile-* support (0.4397ms)
  Ô£ö has og:title and og:description meta tags (0.407ms)
  Ô£ö has schema.org structured data (1.2877ms)
  Ô£ö has canonical URL (0.5292ms)
  Ô£ö index.html has color-scheme: dark meta (0.4523ms)
  Ô£ö has viewport-fit=cover for iPhone notch (0.4703ms)
  Ô£ö is index.html self-contained (no external script deps except fonts) (0.4796ms)
  Ô£ö fonts loaded via display=swap for performance (0.3948ms)
Ô£ö 14 ÔÇö PWA Readiness (10.2597ms)
ÔûÂ 15 ÔÇö Animations Wiring
  Ô£ö index.html, animations.js, app.js are readable (2.2417ms)
  Ô£ö index.html links css/loading.css (required for .fade-out loader fade) (0.4253ms)
  Ô£ö css/loading.css defines #loading-screen.fade-out rule (0.3961ms)
  Ô£ö css/animations.css defines .gsap-reveal-visible visibility rule (no-GSAP fallback) (1.3424ms)
  Ô£ö animations.js exposes required InkAnimations API surface (1.5004ms)
  Ô£ö animations.js defines internal revealAllWithoutGSAP fallback function (0.4397ms)
  Ô£ö animations.js gates heavy effects on isTouch + saveData (navigator.connection) (0.2534ms)
  Ô£ö animations.js card tilt + magnetic are idempotent (data-bound attributes) (0.2318ms)
  Ô£ö app.js calls moduleEnter exactly once per navigateTo (no double entrance) (0.2508ms)
  Ô£ö app.js wires revealModule + refreshInteractions after populateModule (0.2569ms)
  Ô£ö animations.js pageTransition skips old-module fade when moduleExit owns it (0.2098ms)
  Ô£ö index.html has no reference to fix.js (deleted one-off) (0.3396ms)
  Ô£ö index.html has #app wrapper containing #main-nav and #main-content (0.1503ms)
  Ô£ö index.html loads scripts in correct animation dependency order (0.1921ms)
  Ô£ö animations.js + app.js parse without syntax errors (2.6447ms)
  Ô£ö celebrateLoginReward has a reduced-motion fallback (not silent) (0.25ms)
  Ô£ö index.html loads vendor/lenis.min.js between ScrollTrigger and animations.js (3rd animation lib) (0.3382ms)
  Ô£ö animations.js wires Lenis smooth-scroll (gated + public API) (0.3458ms)
  Ô£ö app.js resets scroll on module switch via InkAnimations.scrollTo (Lenis-aware) (0.1211ms)
  Ô£ö sw.js precaches lenis.min.js + loading.css + placement-test.css and bumped cache version (0.3778ms)
  Ô£ö animations.js initializes window.InkAnimations namespace BEFORE any property assignments in IIFE body (0.1558ms)
Ô£ö 15 ÔÇö Animations Wiring (14.6337ms)
Achievement condition error: first-lesson TypeError: container.remove is not a function
    at C:\Users\lavvo\Documents\TruftedBug89.github.io\js\utils.js:291:36
    at globalThis.setTimeout (file:///C:/Users/lavvo/Documents/TruftedBug89.github.io/tests/helpers/data-loader-mock.js:40:39)
    at Object.showConfetti (C:\Users\lavvo\Documents\TruftedBug89.github.io\js\utils.js:291:9)
    at C:\Users\lavvo\Documents\TruftedBug89.github.io\js\progress.js:879:31
    at Array.forEach (<anonymous>)
    at Object.checkAchievements (C:\Users\lavvo\Documents\TruftedBug89.github.io\js\progress.js:872:27)
    at Object.trackExercise (C:\Users\lavvo\Documents\TruftedBug89.github.io\js\progress.js:792:14)
    at TestContext.<anonymous> (file:///C:/Users/lavvo/Documents/TruftedBug89.github.io/tests/16-e2e-4tier.test.js:525:34)
    at Test.runInAsyncScope (node:async_hooks:227:14)
    at Test.run (node:internal/test_runner/test:1325:25)
Achievement condition error: perfect-score TypeError: container.remove is not a function
    at C:\Users\lavvo\Documents\TruftedBug89.github.io\js\utils.js:291:36
    at globalThis.setTimeout (file:///C:/Users/lavvo/Documents/TruftedBug89.github.io/tests/helpers/data-loader-mock.js:40:39)
    at Object.showConfetti (C:\Users\lavvo\Documents\TruftedBug89.github.io\js\utils.js:291:9)
    at C:\Users\lavvo\Documents\TruftedBug89.github.io\js\progress.js:879:31
    at Array.forEach (<anonymous>)
    at Object.checkAchievements (C:\Users\lavvo\Documents\TruftedBug89.github.io\js\progress.js:872:27)
    at Object.trackExercise (C:\Users\lavvo\Documents\TruftedBug89.github.io\js\progress.js:792:14)
    at TestContext.<anonymous> (file:///C:/Users/lavvo/Documents/TruftedBug89.github.io/tests/16-e2e-4tier.test.js:525:34)
    at Test.runInAsyncScope (node:async_hooks:227:14)
    at Test.run (node:internal/test_runner/test:1325:25)
Achievement condition error: early-bird TypeError: container.remove is not a function
    at C:\Users\lavvo\Documents\TruftedBug89.github.io\js\utils.js:291:36
    at globalThis.setTimeout (file:///C:/Users/lavvo/Documents/TruftedBug89.github.io/tests/helpers/data-loader-mock.js:40:39)
    at Object.showConfetti (C:\Users\lavvo\Documents\TruftedBug89.github.io\js\utils.js:291:9)
    at C:\Users\lavvo\Documents\TruftedBug89.github.io\js\progress.js:879:31
    at Array.forEach (<anonymous>)
    at Object.checkAchievements (C:\Users\lavvo\Documents\TruftedBug89.github.io\js\progress.js:872:27)
    at Object.trackExercise (C:\Users\lavvo\Documents\TruftedBug89.github.io\js\progress.js:792:14)
    at TestContext.<anonymous> (file:///C:/Users/lavvo/Documents/TruftedBug89.github.io/tests/16-e2e-4tier.test.js:525:34)
    at Test.runInAsyncScope (node:async_hooks:227:14)
    at Test.run (node:internal/test_runner/test:1325:25)
Achievement condition error: first-lesson TypeError: container.remove is not a function
    at C:\Users\lavvo\Documents\TruftedBug89.github.io\js\utils.js:291:36
    at globalThis.setTimeout (file:///C:/Users/lavvo/Documents/TruftedBug89.github.io/tests/helpers/data-loader-mock.js:40:39)
    at Object.showConfetti (C:\Users\lavvo\Documents\TruftedBug89.github.io\js\utils.js:291:9)
    at C:\Users\lavvo\Documents\TruftedBug89.github.io\js\progress.js:879:31
    at Array.forEach (<anonymous>)
    at Object.checkAchievements (C:\Users\lavvo\Documents\TruftedBug89.github.io\js\progress.js:872:27)
    at Object.trackExercise (C:\Users\lavvo\Documents\TruftedBug89.github.io\js\progress.js:792:14)
    at TestContext.<anonymous> (file:///C:/Users/lavvo/Documents/TruftedBug89.github.io/tests/16-e2e-4tier.test.js:666:34)
    at Test.runInAsyncScope (node:async_hooks:227:14)
    at Test.run (node:internal/test_runner/test:1325:25)
Achievement condition error: perfect-score TypeError: container.remove is not a function
    at C:\Users\lavvo\Documents\TruftedBug89.github.io\js\utils.js:291:36
    at globalThis.setTimeout (file:///C:/Users/lavvo/Documents/TruftedBug89.github.io/tests/helpers/data-loader-mock.js:40:39)
    at Object.showConfetti (C:\Users\lavvo\Documents\TruftedBug89.github.io\js\utils.js:291:9)
    at C:\Users\lavvo\Documents\TruftedBug89.github.io\js\progress.js:879:31
    at Array.forEach (<anonymous>)
    at Object.checkAchievements (C:\Users\lavvo\Documents\TruftedBug89.github.io\js\progress.js:872:27)
    at Object.trackExercise (C:\Users\lavvo\Documents\TruftedBug89.github.io\js\progress.js:792:14)
    at TestContext.<anonymous> (file:///C:/Users/lavvo/Documents/TruftedBug89.github.io/tests/16-e2e-4tier.test.js:666:34)
    at Test.runInAsyncScope (node:async_hooks:227:14)
    at Test.run (node:internal/test_runner/test:1325:25)
Achievement condition error: early-bird TypeError: container.remove is not a function
    at C:\Users\lavvo\Documents\TruftedBug89.github.io\js\utils.js:291:36
    at globalThis.setTimeout (file:///C:/Users/lavvo/Documents/TruftedBug89.github.io/tests/helpers/data-loader-mock.js:40:39)
    at Object.showConfetti (C:\Users\lavvo\Documents\TruftedBug89.github.io\js\utils.js:291:9)
    at C:\Users\lavvo\Documents\TruftedBug89.github.io\js\progress.js:879:31
    at Array.forEach (<anonymous>)
    at Object.checkAchievements (C:\Users\lavvo\Documents\TruftedBug89.github.io\js\progress.js:872:27)
    at Object.trackExercise (C:\Users\lavvo\Documents\TruftedBug89.github.io\js\progress.js:792:14)
    at TestContext.<anonymous> (file:///C:/Users/lavvo/Documents/TruftedBug89.github.io/tests/16-e2e-4tier.test.js:666:34)
    at Test.runInAsyncScope (node:async_hooks:227:14)
    at Test.run (node:internal/test_runner/test:1325:25)
Achievement condition error: first-lesson TypeError: container.remove is not a function
    at C:\Users\lavvo\Documents\TruftedBug89.github.io\js\utils.js:291:36
    at globalThis.setTimeout (file:///C:/Users/lavvo/Documents/TruftedBug89.github.io/tests/helpers/data-loader-mock.js:40:39)
    at Object.showConfetti (C:\Users\lavvo\Documents\TruftedBug89.github.io\js\utils.js:291:9)
    at C:\Users\lavvo\Documents\TruftedBug89.github.io\js\progress.js:879:31
    at Array.forEach (<anonymous>)
    at Object.checkAchievements (C:\Users\lavvo\Documents\TruftedBug89.github.io\js\progress.js:872:27)
    at Object.trackExercise (C:\Users\lavvo\Documents\TruftedBug89.github.io\js\progress.js:792:14)
    at TestContext.<anonymous> (file:///C:/Users/lavvo/Documents/TruftedBug89.github.io/tests/16-e2e-4tier.test.js:749:34)
    at Test.runInAsyncScope (node:async_hooks:227:14)
    at Test.run (node:internal/test_runner/test:1325:25)
Achievement condition error: early-bird TypeError: container.remove is not a function
    at C:\Users\lavvo\Documents\TruftedBug89.github.io\js\utils.js:291:36
    at globalThis.setTimeout (file:///C:/Users/lavvo/Documents/TruftedBug89.github.io/tests/helpers/data-loader-mock.js:40:39)
    at Object.showConfetti (C:\Users\lavvo\Documents\TruftedBug89.github.io\js\utils.js:291:9)
    at C:\Users\lavvo\Documents\TruftedBug89.github.io\js\progress.js:879:31
    at Array.forEach (<anonymous>)
    at Object.checkAchievements (C:\Users\lavvo\Documents\TruftedBug89.github.io\js\progress.js:872:27)
    at Object.trackExercise (C:\Users\lavvo\Documents\TruftedBug89.github.io\js\progress.js:792:14)
    at TestContext.<anonymous> (file:///C:/Users/lavvo/Documents/TruftedBug89.github.io/tests/16-e2e-4tier.test.js:749:34)
    at Test.runInAsyncScope (node:async_hooks:227:14)
    at Test.run (node:internal/test_runner/test:1325:25)
Achievement condition error: first-lesson TypeError: container.remove is not a function
    at C:\Users\lavvo\Documents\TruftedBug89.github.io\js\utils.js:291:36
    at globalThis.setTimeout (file:///C:/Users/lavvo/Documents/TruftedBug89.github.io/tests/helpers/data-loader-mock.js:40:39)
    at Object.showConfetti (C:\Users\lavvo\Documents\TruftedBug89.github.io\js\utils.js:291:9)
    at C:\Users\lavvo\Documents\TruftedBug89.github.io\js\progress.js:879:31
    at Array.forEach (<anonymous>)
    at Object.checkAchievements (C:\Users\lavvo\Documents\TruftedBug89.github.io\js\progress.js:872:27)
    at Object.trackExercise (C:\Users\lavvo\Documents\TruftedBug89.github.io\js\progress.js:792:14)
    at TestContext.<anonymous> (file:///C:/Users/lavvo/Documents/TruftedBug89.github.io/tests/16-e2e-4tier.test.js:797:34)
    at Test.runInAsyncScope (node:async_hooks:227:14)
    at Test.run (node:internal/test_runner/test:1325:25)
Achievement condition error: early-bird TypeError: container.remove is not a function
    at C:\Users\lavvo\Documents\TruftedBug89.github.io\js\utils.js:291:36
    at globalThis.setTimeout (file:///C:/Users/lavvo/Documents/TruftedBug89.github.io/tests/helpers/data-loader-mock.js:40:39)
    at Object.showConfetti (C:\Users\lavvo\Documents\TruftedBug89.github.io\js\utils.js:291:9)
    at C:\Users\lavvo\Documents\TruftedBug89.github.io\js\progress.js:879:31
    at Array.forEach (<anonymous>)
    at Object.checkAchievements (C:\Users\lavvo\Documents\TruftedBug89.github.io\js\progress.js:872:27)
    at Object.trackExercise (C:\Users\lavvo\Documents\TruftedBug89.github.io\js\progress.js:792:14)
    at TestContext.<anonymous> (file:///C:/Users/lavvo/Documents/TruftedBug89.github.io/tests/16-e2e-4tier.test.js:797:34)
    at Test.runInAsyncScope (node:async_hooks:227:14)
    at Test.run (node:internal/test_runner/test:1325:25)
ÔûÂ 16 ÔÇö 4-Tier E2E & Unit Test Suite
  ÔûÂ Tier 1 ÔÇö Unit Tests
    Ô£ö 1.1.1: DataLoader.registry has expected level mappings (3.6089ms)
    Ô£ö 1.1.2: DataLoader.parseJSONL correctly parses single line (0.9706ms)
    Ô£ö 1.1.3: DataLoader.parseJSONL ignores empty lines (0.7377ms)
    Ô£ö 1.1.4: DataLoader.buildVocabObj constructs object with getters (0.7575ms)
    Ô£ö 1.1.5: sw.js simulated isLargeData matches correct URLs (0.8185ms)
    Ô£ö 1.1.6: sw.js simulated isLargeData fails gracefully for empty inputs (0.6352ms)
    Ô£ö 1.2.1: AnalyticsEngine._key constructs correct localStorage key (0.5553ms)
    Ô£ö 1.2.2: AnalyticsEngine._emptySession has the correct default structure (0.5885ms)
    Ô£ö 1.2.3: AnalyticsEngine event buffer flushes correctly on max size limit (1.021ms)
    Ô£ö 1.2.4: StorageManager.defaultUserData contains default settings (0.665ms)
    Ô£û 1.2.5: AnalyticsEngine._parseBrowser returns undefined or minimised info under F2 requirements (6.0901ms)
    Ô£û 1.2.6: AnalyticsEngine._parseOS returns undefined or minimised info under F2 requirements (2.3778ms)
    Ô£ö 1.3.1: SM2.createCard returns expected card structure (1.3176ms)
    Ô£ö 1.3.2: SM2.processReview quality < 3 resets repetition to 0 and interval to 1 (0.8145ms)
    Ô£ö 1.3.3: SM2.processReview normal on-time correct review increases repetition (0.6161ms)
    Ô£ö 1.3.4: SM2.processReview normal on-time correct review step 2 sets interval to 6 (0.5277ms)
    Ô£û 1.3.5: SM2.processReview delayed correct review applies 1.2x reward factor (0.9903ms)
    Ô£ö 1.3.6: SM2.processReview delayed incorrect review does not apply 1.2x reward factor (0.5224ms)
    Ô£ö 1.3.7: SM2.processReview E-Factor does not drop below 1.3 (0.4759ms)
    Ô£û 1.4.1: SM2.processReview Speed Prep profile scales calculated interval by 0.5x (0.8568ms)
    Ô£û 1.4.2: SM2.processReview Deep Retention profile scales calculated interval by 1.5x (1.0059ms)
    Ô£ö 1.4.3: SM2.processReview ensures minimum interval of 1 day under Speed Prep (0.7115ms)
    Ô£ö 1.4.4: SM2.getStats handles an empty card list (0.6477ms)
    Ô£ö 1.5.1: MobileShell check opens AdminPanel only if defined in environment (0.512ms)
    Ô£ö 1.5.2: AdminPanel is undefined in global namespace (0.4114ms)
  Ô£û Tier 1 ÔÇö Unit Tests (30.5977ms)
  ÔûÂ Tier 2 ÔÇö Integration Tests
    Ô£ö 2.1.1: DataLoader.loadLevel triggers fetch for specific file only (1.042ms)
    Ô£ö 2.1.2: DataLoader.loadLevel registers data on global window object (0.5691ms)
    Ô£ö 2.1.3: DataLoader.populateGlobals loads calibrated active level and skips others (0.9951ms)
    Ô£û 2.1.4: DataLoader.getWords loads level on demand if cached vocabulary is missing (0.8722ms)
    Ô£û 2.1.5: DataLoader.getWordCount loads level on demand if cached vocabulary is missing (0.743ms)
    Ô£ö 2.2.1: AnalyticsEngine.init gates session initialization on consent (0.5513ms)
    Ô£ö 2.2.2: AnalyticsEngine.init registers session when consent is true (2.5798ms)
    Ô£ö 2.2.3: AnalyticsEngine.trackPageView buffers event and flushes (0.6723ms)
    Ô£ö 2.2.4: AnalyticsEngine.trackExercise calculates correct accuracy percentage (0.6144ms)
    Ô£ö 2.2.5: AnalyticsEngine.trackVocabReview clamps quality review bounds (0.5323ms)
    Ô£ö 2.2.6: AnalyticsEngine.trackGrammarLesson logs event and title (0.5467ms)
    Ô£û 2.2.7: AnalyticsEngine.trackCompletion logs correct exercise and maps type (0.8636ms)
    Ô£ö 2.2.8: AnalyticsEngine.trackAchievement records achievement logs (0.5035ms)
    Ô£ö 2.2.9: AnalyticsEngine.trackLevelUp maps levels correctly (0.5532ms)
    Ô£û 2.2.10: AnalyticsEngine._recordDeviceInfo stores no screen, viewport, OS, or browser details (0.874ms)
    Ô£û 2.2.11: ProgressTracker.trackExercise performs exactly one consolidated write transaction (6.9454ms)
    Ô£ö 2.2.12: StorageManager.addXP updates XP state in transactional user data (0.6046ms)
    Ô£û 2.2.13: StorageManager handles storage write failure by pruning history and retrying (0.5611ms)
    Ô£ö 2.3.1: SM2.updateCard schedules cards correctly and updates localStorage data (0.5425ms)
    Ô£ö 2.3.2: SM2.getDueCards filters out cards scheduled in the future (0.5711ms)
    Ô£ö 2.4.1: Switching study profile dynamically impacts the number of due cards retrieved (0.3832ms)
    Ô£ö 2.4.2: StorageManager user profile changes are saved in local storage user data object (0.4116ms)
    Ô£ö 2.5.1: Index script reference validation confirms components/admin-panel.js is absent (0.4659ms)
    Ô£ö 2.5.2: Application router handles missing AdminPanel without runtime crashes (0.6332ms)
  Ô£û Tier 2 ÔÇö Integration Tests (25.2658ms)
  ÔûÂ Tier 3 ÔÇö Cross-Feature Tests
    Ô£û 3.1.1: Cross F1 & F5: Onboard flow loads active level database dynamically and ignores admin panel references (1.2717ms)
    Ô£û 3.1.2: Cross F2 & F4: Progress tracking under Speed Prep uses consolidated write and scales learning parameters (2.6136ms)
    Ô£û 3.1.3: Cross F3 & F4: Delayed card review processed under Deep Retention profile combines delay multiplier and retention scale (0.6936ms)
    Ô£ö 3.1.4: Cross F2 & F3: Delayed card reviews trigger minimal telemetry logging without browser attributes (0.4512ms)
    Ô£ö 3.1.5: Cross F1 & F4: Selection of new HSK level fetches level resources and scales scheduling intervals accordingly (0.4465ms)
  Ô£û Tier 3 ÔÇö Cross-Feature Tests (5.7163ms)
  ÔûÂ Tier 4 ÔÇö Real-World Scenarios
    Ô£û 4.1.1: Scenario 1: New user calibrates HSK level via placement test, lazy loads that level database, and initiates learner profile (0.8848ms)
    Ô£û 4.1.2: Scenario 2: Active user updates profile to Speed Prep, studies cards, and saves progress via transactional writes (3.3634ms)
    Ô£û 4.1.3: Scenario 3: Returning user reviews overdue vocabulary cards, triggers 1.2x delay reward, and pushes clean analytics logs (0.5089ms)
    Ô£ö 4.1.4: Scenario 4: User triggers avatar double-click for admin access, confirms no crashes occur, and checks index.html script references (0.347ms)
    Ô£û 4.1.5: Scenario 5: User finishes full learning module, checks stats aggregation, unlocks achievements, and checks for single write transactions (1.9964ms)
  Ô£û Tier 4 ÔÇö Real-World Scenarios (7.3021ms)
Ô£û 16 ÔÇö 4-Tier E2E & Unit Test Suite (69.8041ms)
Ôä╣ tests 229
Ôä╣ suites 20
Ôä╣ pass 206
Ôä╣ fail 23
Ôä╣ cancelled 0
Ôä╣ skipped 0
Ôä╣ todo 0
Ôä╣ duration_ms 1292.2171

Ô£û failing tests:

test at 05-sm2.test.js:172:3
Ô£û processReview: applies 1.2x reward multiplier on delayed correct answers (1.1434ms)
  AssertionError [ERR_ASSERTION]: Expected values to be strictly equal:
  
  13 !== 30
  
      at TestContext.<anonymous> (file:///C:/Users/lavvo/Documents/TruftedBug89.github.io/tests/05-sm2.test.js:184:12)
      at Test.runInAsyncScope (node:async_hooks:227:14)
      at Test.run (node:internal/test_runner/test:1325:25)
      at Suite.processPendingSubtests (node:internal/test_runner/test:911:18)
      at Test.postRun (node:internal/test_runner/test:1465:19)
      at Test.run (node:internal/test_runner/test:1390:12)
      at async Suite.processPendingSubtests (node:internal/test_runner/test:911:7) {
    generatedMessage: true,
    code: 'ERR_ASSERTION',
    actual: 13,
    expected: 30,
    operator: 'strictEqual',
    diff: 'simple'
  }

test at 05-sm2.test.js:187:3
Ô£û processReview: respects Speed Prep profile scaling (0.5x) (0.4293ms)
  AssertionError [ERR_ASSERTION]: Expected values to be strictly equal:
  
  15 !== 8
  
      at TestContext.<anonymous> (file:///C:/Users/lavvo/Documents/TruftedBug89.github.io/tests/05-sm2.test.js:203:12)
      at Test.runInAsyncScope (node:async_hooks:227:14)
      at Test.run (node:internal/test_runner/test:1325:25)
      at Suite.processPendingSubtests (node:internal/test_runner/test:911:18)
      at Test.postRun (node:internal/test_runner/test:1465:19)
      at Test.run (node:internal/test_runner/test:1390:12)
      at async Suite.processPendingSubtests (node:internal/test_runner/test:911:7) {
    generatedMessage: true,
    code: 'ERR_ASSERTION',
    actual: 15,
    expected: 8,
    operator: 'strictEqual',
    diff: 'simple'
  }

test at 05-sm2.test.js:206:3
Ô£û processReview: respects Deep Retention profile scaling (1.5x) (0.291ms)
  AssertionError [ERR_ASSERTION]: Expected values to be strictly equal:
  
  15 !== 23
  
      at TestContext.<anonymous> (file:///C:/Users/lavvo/Documents/TruftedBug89.github.io/tests/05-sm2.test.js:222:12)
      at Test.runInAsyncScope (node:async_hooks:227:14)
      at Test.run (node:internal/test_runner/test:1325:25)
      at Suite.processPendingSubtests (node:internal/test_runner/test:911:18)
      at Test.postRun (node:internal/test_runner/test:1465:19)
      at Test.run (node:internal/test_runner/test:1390:12)
      at async Suite.processPendingSubtests (node:internal/test_runner/test:911:7) {
    generatedMessage: true,
    code: 'ERR_ASSERTION',
    actual: 15,
    expected: 23,
    operator: 'strictEqual',
    diff: 'simple'
  }

test at 07-analytics-engine.test.js:152:3
Ô£û _recordDeviceInfo: session device info is cleaned and does not contain userAgent, screen, OS, or browser details (1.93ms)
  AssertionError [ERR_ASSERTION]: Expected values to be strictly equal:
  + actual - expected
  
  + 'Mozilla/5.0 Test'
  - undefined
  
      at TestContext.<anonymous> (file:///C:/Users/lavvo/Documents/TruftedBug89.github.io/tests/07-analytics-engine.test.js:161:12)
      at Test.runInAsyncScope (node:async_hooks:227:14)
      at Test.run (node:internal/test_runner/test:1325:25)
      at Suite.processPendingSubtests (node:internal/test_runner/test:911:18)
      at Test.postRun (node:internal/test_runner/test:1465:19)
      at Test.run (node:internal/test_runner/test:1390:12)
      at async Suite.processPendingSubtests (node:internal/test_runner/test:911:7) {
    generatedMessage: true,
    code: 'ERR_ASSERTION',
    actual: 'Mozilla/5.0 Test',
    expected: undefined,
    operator: 'strictEqual',
    diff: 'simple'
  }

test at 10-asset-integrity.test.js:143:3
Ô£û components/admin-panel.js is NOT referenced in index.html (0.7782ms)
  AssertionError [ERR_ASSERTION]: admin-panel.js script reference still exists in index.html
      at TestContext.<anonymous> (file:///C:/Users/lavvo/Documents/TruftedBug89.github.io/tests/10-asset-integrity.test.js:144:12)
      at Test.runInAsyncScope (node:async_hooks:227:14)
      at Test.run (node:internal/test_runner/test:1325:25)
      at Suite.processPendingSubtests (node:internal/test_runner/test:911:18)
      at Test.postRun (node:internal/test_runner/test:1465:19)
      at Test.run (node:internal/test_runner/test:1390:12)
      at async Suite.processPendingSubtests (node:internal/test_runner/test:911:7) {
    generatedMessage: false,
    code: 'ERR_ASSERTION',
    actual: false,
    expected: true,
    operator: '==',
    diff: 'simple'
  }

test at 16-e2e-4tier.test.js:176:5
Ô£û 1.2.5: AnalyticsEngine._parseBrowser returns undefined or minimised info under F2 requirements (6.0901ms)
  AssertionError [ERR_ASSERTION]: The expression evaluated to a falsy value:
  
    assert.ok(browser === undefined || browser.name === 'Other' || browser.name === undefined)
  
      at TestContext.<anonymous> (file:///C:/Users/lavvo/Documents/TruftedBug89.github.io/tests/16-e2e-4tier.test.js:179:14)
      at Test.runInAsyncScope (node:async_hooks:227:14)
      at Test.run (node:internal/test_runner/test:1325:25)
      at async Suite.processPendingSubtests (node:internal/test_runner/test:911:7) {
    generatedMessage: true,
    code: 'ERR_ASSERTION',
    actual: false,
    expected: true,
    operator: '==',
    diff: 'simple'
  }

test at 16-e2e-4tier.test.js:182:5
Ô£û 1.2.6: AnalyticsEngine._parseOS returns undefined or minimised info under F2 requirements (2.3778ms)
  AssertionError [ERR_ASSERTION]: The expression evaluated to a falsy value:
  
    assert.ok(os === undefined || os.name === 'Other' || os.name === undefined)
  
      at TestContext.<anonymous> (file:///C:/Users/lavvo/Documents/TruftedBug89.github.io/tests/16-e2e-4tier.test.js:185:14)
      at Test.runInAsyncScope (node:async_hooks:227:14)
      at Test.run (node:internal/test_runner/test:1325:25)
      at async Suite.processPendingSubtests (node:internal/test_runner/test:911:7) {
    generatedMessage: true,
    code: 'ERR_ASSERTION',
    actual: false,
    expected: true,
    operator: '==',
    diff: 'simple'
  }

test at 16-e2e-4tier.test.js:224:5
Ô£û 1.3.5: SM2.processReview delayed correct review applies 1.2x reward factor (0.9903ms)
  AssertionError [ERR_ASSERTION]: Expected values to be strictly equal:
  
  13 !== 30
  
      at TestContext.<anonymous> (file:///C:/Users/lavvo/Documents/TruftedBug89.github.io/tests/16-e2e-4tier.test.js:236:14)
      at Test.runInAsyncScope (node:async_hooks:227:14)
      at Test.run (node:internal/test_runner/test:1325:25)
      at async Suite.processPendingSubtests (node:internal/test_runner/test:911:7) {
    generatedMessage: true,
    code: 'ERR_ASSERTION',
    actual: 13,
    expected: 30,
    operator: 'strictEqual',
    diff: 'simple'
  }

test at 16-e2e-4tier.test.js:262:5
Ô£û 1.4.1: SM2.processReview Speed Prep profile scales calculated interval by 0.5x (0.8568ms)
  AssertionError [ERR_ASSERTION]: Expected values to be strictly equal:
  
  15 !== 8
  
      at TestContext.<anonymous> (file:///C:/Users/lavvo/Documents/TruftedBug89.github.io/tests/16-e2e-4tier.test.js:273:14)
      at Test.runInAsyncScope (node:async_hooks:227:14)
      at Test.run (node:internal/test_runner/test:1325:25)
      at async Suite.processPendingSubtests (node:internal/test_runner/test:911:7) {
    generatedMessage: true,
    code: 'ERR_ASSERTION',
    actual: 15,
    expected: 8,
    operator: 'strictEqual',
    diff: 'simple'
  }

test at 16-e2e-4tier.test.js:276:5
Ô£û 1.4.2: SM2.processReview Deep Retention profile scales calculated interval by 1.5x (1.0059ms)
  AssertionError [ERR_ASSERTION]: Expected values to be strictly equal:
  
  15 !== 23
  
      at TestContext.<anonymous> (file:///C:/Users/lavvo/Documents/TruftedBug89.github.io/tests/16-e2e-4tier.test.js:287:14)
      at Test.runInAsyncScope (node:async_hooks:227:14)
      at Test.run (node:internal/test_runner/test:1325:25)
      at async Suite.processPendingSubtests (node:internal/test_runner/test:911:7) {
    generatedMessage: true,
    code: 'ERR_ASSERTION',
    actual: 15,
    expected: 23,
    operator: 'strictEqual',
    diff: 'simple'
  }

test at 16-e2e-4tier.test.js:391:5
Ô£û 2.1.4: DataLoader.getWords loads level on demand if cached vocabulary is missing (0.8722ms)
  AssertionError [ERR_ASSERTION]: Expected values to be strictly equal:
  
  null !== 'hsk2'
  
      at TestContext.<anonymous> (file:///C:/Users/lavvo/Documents/TruftedBug89.github.io/tests/16-e2e-4tier.test.js:399:14)
      at Test.runInAsyncScope (node:async_hooks:227:14)
      at Test.run (node:internal/test_runner/test:1325:25)
      at async Suite.processPendingSubtests (node:internal/test_runner/test:911:7) {
    generatedMessage: true,
    code: 'ERR_ASSERTION',
    actual: null,
    expected: 'hsk2',
    operator: 'strictEqual',
    diff: 'simple'
  }

test at 16-e2e-4tier.test.js:402:5
Ô£û 2.1.5: DataLoader.getWordCount loads level on demand if cached vocabulary is missing (0.743ms)
  AssertionError [ERR_ASSERTION]: Expected values to be strictly equal:
  
  null !== 'hsk3'
  
      at TestContext.<anonymous> (file:///C:/Users/lavvo/Documents/TruftedBug89.github.io/tests/16-e2e-4tier.test.js:410:14)
      at Test.runInAsyncScope (node:async_hooks:227:14)
      at Test.run (node:internal/test_runner/test:1325:25)
      at async Suite.processPendingSubtests (node:internal/test_runner/test:911:7) {
    generatedMessage: true,
    code: 'ERR_ASSERTION',
    actual: null,
    expected: 'hsk3',
    operator: 'strictEqual',
    diff: 'simple'
  }

test at 16-e2e-4tier.test.js:471:5
Ô£û 2.2.7: AnalyticsEngine.trackCompletion logs correct exercise and maps type (0.8636ms)
  AssertionError [ERR_ASSERTION]: Expected values to be strictly equal:
  + actual - expected
  
  + 'dictation_audio'
  - 'listening_exercise'
  
      at TestContext.<anonymous> (file:///C:/Users/lavvo/Documents/TruftedBug89.github.io/tests/16-e2e-4tier.test.js:477:14)
      at Test.runInAsyncScope (node:async_hooks:227:14)
      at Test.run (node:internal/test_runner/test:1325:25)
      at async Suite.processPendingSubtests (node:internal/test_runner/test:911:7) {
    generatedMessage: true,
    code: 'ERR_ASSERTION',
    actual: 'dictation_audio',
    expected: 'listening_exercise',
    operator: 'strictEqual',
    diff: 'simple'
  }

test at 16-e2e-4tier.test.js:499:5
Ô£û 2.2.10: AnalyticsEngine._recordDeviceInfo stores no screen, viewport, OS, or browser details (0.874ms)
  AssertionError [ERR_ASSERTION]: Expected values to be strictly equal:
  + actual - expected
  
  + 'Mozilla/5.0 Test'
  - undefined
  
      at TestContext.<anonymous> (file:///C:/Users/lavvo/Documents/TruftedBug89.github.io/tests/16-e2e-4tier.test.js:508:14)
      at Test.runInAsyncScope (node:async_hooks:227:14)
      at Test.run (node:internal/test_runner/test:1325:25)
      at async Suite.processPendingSubtests (node:internal/test_runner/test:911:7) {
    generatedMessage: true,
    code: 'ERR_ASSERTION',
    actual: 'Mozilla/5.0 Test',
    expected: undefined,
    operator: 'strictEqual',
    diff: 'simple'
  }

test at 16-e2e-4tier.test.js:515:5
Ô£û 2.2.11: ProgressTracker.trackExercise performs exactly one consolidated write transaction (6.9454ms)
  AssertionError [ERR_ASSERTION]: Expected values to be strictly equal:
  
  20 !== 1
  
      at TestContext.<anonymous> (file:///C:/Users/lavvo/Documents/TruftedBug89.github.io/tests/16-e2e-4tier.test.js:528:14)
      at Test.runInAsyncScope (node:async_hooks:227:14)
      at Test.run (node:internal/test_runner/test:1325:25)
      at async Suite.processPendingSubtests (node:internal/test_runner/test:911:7) {
    generatedMessage: true,
    code: 'ERR_ASSERTION',
    actual: 20,
    expected: 1,
    operator: 'strictEqual',
    diff: 'simple'
  }

test at 16-e2e-4tier.test.js:538:5
Ô£û 2.2.13: StorageManager handles storage write failure by pruning history and retrying (0.5611ms)
  AssertionError [ERR_ASSERTION]: The expression evaluated to a falsy value:
  
    assert.ok(pruned)
  
      at TestContext.<anonymous> (file:///C:/Users/lavvo/Documents/TruftedBug89.github.io/tests/16-e2e-4tier.test.js:555:14)
      at Test.runInAsyncScope (node:async_hooks:227:14)
      at Test.run (node:internal/test_runner/test:1325:25)
      at async Suite.processPendingSubtests (node:internal/test_runner/test:911:7) {
    generatedMessage: true,
    code: 'ERR_ASSERTION',
    actual: false,
    expected: true,
    operator: '==',
    diff: 'simple'
  }

test at 16-e2e-4tier.test.js:638:5
Ô£û 3.1.1: Cross F1 & F5: Onboard flow loads active level database dynamically and ignores admin panel references (1.2717ms)
  AssertionError [ERR_ASSERTION]: The expression evaluated to a falsy value:
  
    assert.ok(levelsLoaded.includes('hsk2'))
  
      at TestContext.<anonymous> (file:///C:/Users/lavvo/Documents/TruftedBug89.github.io/tests/16-e2e-4tier.test.js:651:14)
      at async Test.run (node:internal/test_runner/test:1332:7)
      at async Promise.all (index 0)
      at async Suite.run (node:internal/test_runner/test:1794:7)
      at async Suite.processPendingSubtests (node:internal/test_runner/test:911:7) {
    generatedMessage: true,
    code: 'ERR_ASSERTION',
    actual: false,
    expected: true,
    operator: '==',
    diff: 'simple'
  }

test at 16-e2e-4tier.test.js:655:5
Ô£û 3.1.2: Cross F2 & F4: Progress tracking under Speed Prep uses consolidated write and scales learning parameters (2.6136ms)
  AssertionError [ERR_ASSERTION]: Expected values to be strictly equal:
  
  22 !== 1
  
      at TestContext.<anonymous> (file:///C:/Users/lavvo/Documents/TruftedBug89.github.io/tests/16-e2e-4tier.test.js:669:14)
      at Test.runInAsyncScope (node:async_hooks:227:14)
      at Test.run (node:internal/test_runner/test:1325:25)
      at async Suite.processPendingSubtests (node:internal/test_runner/test:911:7) {
    generatedMessage: true,
    code: 'ERR_ASSERTION',
    actual: 22,
    expected: 1,
    operator: 'strictEqual',
    diff: 'simple'
  }

test at 16-e2e-4tier.test.js:673:5
Ô£û 3.1.3: Cross F3 & F4: Delayed card review processed under Deep Retention profile combines delay multiplier and retention scale (0.6936ms)
  AssertionError [ERR_ASSERTION]: Expected values to be strictly equal:
  
  21 !== 57
  
      at TestContext.<anonymous> (file:///C:/Users/lavvo/Documents/TruftedBug89.github.io/tests/16-e2e-4tier.test.js:688:14)
      at Test.runInAsyncScope (node:async_hooks:227:14)
      at Test.run (node:internal/test_runner/test:1325:25)
      at async Suite.processPendingSubtests (node:internal/test_runner/test:911:7) {
    generatedMessage: true,
    code: 'ERR_ASSERTION',
    actual: 21,
    expected: 57,
    operator: 'strictEqual',
    diff: 'simple'
  }

test at 16-e2e-4tier.test.js:721:5
Ô£û 4.1.1: Scenario 1: New user calibrates HSK level via placement test, lazy loads that level database, and initiates learner profile (0.8848ms)
  AssertionError [ERR_ASSERTION]: The expression evaluated to a falsy value:
  
    assert.ok(levelsLoaded.includes('hsk3'))
  
      at TestContext.<anonymous> (file:///C:/Users/lavvo/Documents/TruftedBug89.github.io/tests/16-e2e-4tier.test.js:734:14)
      at async Test.run (node:internal/test_runner/test:1332:7)
      at async Promise.all (index 0)
      at async Suite.run (node:internal/test_runner/test:1794:7)
      at async Suite.processPendingSubtests (node:internal/test_runner/test:911:7) {
    generatedMessage: true,
    code: 'ERR_ASSERTION',
    actual: false,
    expected: true,
    operator: '==',
    diff: 'simple'
  }

test at 16-e2e-4tier.test.js:738:5
Ô£û 4.1.2: Scenario 2: Active user updates profile to Speed Prep, studies cards, and saves progress via transactional writes (3.3634ms)
  AssertionError [ERR_ASSERTION]: Expected values to be strictly equal:
  
  18 !== 1
  
      at TestContext.<anonymous> (file:///C:/Users/lavvo/Documents/TruftedBug89.github.io/tests/16-e2e-4tier.test.js:752:14)
      at Test.runInAsyncScope (node:async_hooks:227:14)
      at Test.run (node:internal/test_runner/test:1325:25)
      at async Suite.processPendingSubtests (node:internal/test_runner/test:911:7) {
    generatedMessage: true,
    code: 'ERR_ASSERTION',
    actual: 18,
    expected: 1,
    operator: 'strictEqual',
    diff: 'simple'
  }

test at 16-e2e-4tier.test.js:755:5
Ô£û 4.1.3: Scenario 3: Returning user reviews overdue vocabulary cards, triggers 1.2x delay reward, and pushes clean analytics logs (0.5089ms)
  AssertionError [ERR_ASSERTION]: Expected values to be strictly equal:
  
  21 !== 76
  
      at TestContext.<anonymous> (file:///C:/Users/lavvo/Documents/TruftedBug89.github.io/tests/16-e2e-4tier.test.js:766:14)
      at Test.runInAsyncScope (node:async_hooks:227:14)
      at Test.run (node:internal/test_runner/test:1325:25)
      at async Suite.processPendingSubtests (node:internal/test_runner/test:911:7) {
    generatedMessage: true,
    code: 'ERR_ASSERTION',
    actual: 21,
    expected: 76,
    operator: 'strictEqual',
    diff: 'simple'
  }

test at 16-e2e-4tier.test.js:787:5
Ô£û 4.1.5: Scenario 5: User finishes full learning module, checks stats aggregation, unlocks achievements, and checks for single write transactions (1.9964ms)
  AssertionError [ERR_ASSERTION]: Expected values to be strictly equal:
  
  18 !== 1
  
      at TestContext.<anonymous> (file:///C:/Users/lavvo/Documents/TruftedBug89.github.io/tests/16-e2e-4tier.test.js:800:14)
      at Test.runInAsyncScope (node:async_hooks:227:14)
      at Test.run (node:internal/test_runner/test:1325:25)
      at async Suite.processPendingSubtests (node:internal/test_runner/test:911:7) {
    generatedMessage: true,
    code: 'ERR_ASSERTION',
    actual: 18,
    expected: 1,
    operator: 'strictEqual',
    diff: 'simple'
  }
